❌ [VeRseD_Ai] FacePrintPay CI/CD - FAILED on main
❌ [VeRseD_Ai] FacePrintPay CI/CD - FAILED on main
❌ [VeRseD_Ai] FacePrintPay CI/CD - FAILED on main
❌ [VeRseD_Ai] .github/workflows/npm-grunt.yml - FAILED on main
❌ [VeRseD_Ai] FacePrintPay CI/CD - FAILED on main
❌ [VeRseD_Ai] .github/workflows/npm-grunt.yml - FAILED on main
❌ [VeRseD_Ai] .github/workflows/npm-grunt.yml - FAILED on main
❌ [VeRseD_Ai] .github/workflows/npm-grunt.yml - FAILED on main
❌ [VeRseD_Ai] .github/workflows/npm-grunt.yml - FAILED on main
❌ [VeRseD_Ai] .github/workflows/npm-grunt.yml - FAILED on main
❌ [VeRseD_Ai] Deploy static content to Pages - FAILED on main
❌ [VeRseD_Ai] Deploy static content to Pages - FAILED on main
❌ [VeRseD_Ai] Deploy static content to Pages - FAILED on main
❌ [VeRseD_Ai] Deploy static content to Pages - FAILED on main
❌ [FacePrintPay] pages build and deployment - FAILED on main
❌ [FacePrintPay] FacePrintPay CI/CD - FAILED on main
❌ [FacePrintPay] pages build and deployment - FAILED on main
❌ [c25-agent-dashboard] FacePrintPay CI/CD - FAILED on main
❌ [c25-agent-dashboard] FacePrintPay CI/CD - FAILED on main
❌ [videocourts] FacePrintPay CI/CD - FAILED on main
❌ [videocourts] FacePrintPay CI/CD - FAILED on main
❌ [videocourts] Python application - FAILED on main
❌ [videocourts] Python application - FAILED on main
❌ [videocourts] Python application - FAILED on main
❌ [videocourts] Python application - FAILED on main
❌ [c25-test-agents] .github/workflows/deploy.yml - FAILED on main
❌ [aikre8tive-sovereign-genesis] Build and Deploy to IKS - FAILED on main
❌ [aikre8tive-sovereign-genesis] Build and Deploy to ACK - FAILED on main
❌ [aikre8tive-sovereign-genesis] pages build and deployment - FAILED on main
❌ [aikre8tive-sovereign-genesis] Build and Deploy to IKS - FAILED on main
❌ [aikre8tive-sovereign-genesis] Build and Deploy to ACK - FAILED on main
❌ [aikre8tive-sovereign-genesis] pages build and deployment - FAILED on main
❌ [aikre8tive-sovereign-genesis] Build and Deploy to ACK - FAILED on main
❌ [aikre8tive-sovereign-genesis] Build and Deploy to IKS - FAILED on main
❌ [aikre8tive-sovereign-genesis] pages build and deployment - FAILED on main
❌ [aikre8tive-sovereign-genesis] Build and Deploy to ACK - FAILED on main
❌ [aikre8tive-sovereign-genesis] Build and Deploy to IKS - FAILED on main
❌ [aikre8tive-sovereign-genesis] pages build and deployment - FAILED on main
❌ [aikre8tive-sovereign-genesis] Build and Deploy to IKS - FAILED on main
❌ [aikre8tive-sovereign-genesis] Build and Deploy to ACK - FAILED on main
❌ [aikre8tive-sovereign-genesis] pages build and deployment - FAILED on main
❌ [aikre8tive-sovereign-genesis] Build and Deploy to ACK - FAILED on main
❌ [aikre8tive-sovereign-genesis] Build and Deploy to IKS - FAILED on main
❌ [aikre8tive-sovereign-genesis] pages build and deployment - FAILED on main
❌ [AiKre8tive-Stargate] pages build and deployment - FAILED on main
❌ [AiKre8tive-Stargate] pages build and deployment - FAILED on main
❌ [AiKre8tive-Stargate] pages build and deployment - FAILED on main
❌ [AiKre8tive-Stargate] pages build and deployment - FAILED on main
❌ [vscode-project-manager] pages build and deployment - FAILED on main
❌ [aikre8tive] .github/workflows/vercel-matrix.yml - FAILED on main
❌ [aikre8tive] .github/workflows/main.yml - FAILED on main
❌ [aikre8tive] FacePrintPay CI/CD - FAILED on main
❌ [aikre8tive] FacePrintPay CI/CD - FAILED on main
❌ [aikre8tive] .github/workflows/vercel-matrix.yml - FAILED on main
❌ [aikre8tive] FacePrintPay CI/CD - FAILED on main
❌ [aikre8tive] .github/workflows/vercel-matrix.yml - FAILED on main
❌ [aikre8tive] .github/workflows/main.yml - FAILED on main
❌ [aikre8tive] .github/workflows/vercel-matrix.yml - FAILED on main
❌ [aikre8tive] .github/workflows/main.yml - FAILED on main
❌ [aikre8tive] .github/workflows/vercel-matrix.yml - FAILED on main
❌ [aikre8tive] .github/workflows/main.yml - FAILED on main
❌ [aikre8tive] .github/workflows/vercel-matrix.yml - FAILED on main
❌ [aikre8tive] .github/workflows/main.yml - FAILED on main
❌ [aikre8tive] .github/workflows/vercel-matrix.yml - FAILED on main
❌ [aikre8tive] .github/workflows/main.yml - FAILED on main
❌ [aikre8tive] .github/workflows/main.yml - FAILED on main
❌ [aikre8tive] .github/workflows/main.yml - FAILED on main
❌ [aikre8tive] .github/workflows/main.yml - FAILED on main
❌ [codespaces-react] Node.js CI - FAILED on main
❌ [codespaces-react] NodeJS with Webpack - FAILED on main
❌ [sovereign-ad-serve] C25 Deploy - FAILED on main
❌ [sovereign-ad-serve] FacePrintPay CI/CD - FAILED on main
❌ [sovereign-ad-serve] pages build and deployment - FAILED on main
❌ [ai-kre8tive-sovereign-genesis] Build and Deploy to IKS - FAILED on main
❌ [ai-kre8tive-sovereign-genesis] Build and Deploy to ACK - FAILED on main
❌ [ai-kre8tive-sovereign-genesis] pages build and deployment - FAILED on main
❌ [THAT] FacePrintPay CI/CD - FAILED on main
❌ [THAT] pages build and deployment - FAILED on main
❌ [THAT] FacePrintPay CI/CD - FAILED on main
❌ [THAT] pages build and deployment - FAILED on main
❌ [stargate] Stargate APIs V2 - FAILED on main
❌ [PoRTaLed-] .github/workflows/vercel-matrix.yml - FAILED on main-clean
❌ [PoRTaLed-] .github/workflows/main.yml - FAILED on main-clean
❌ [PoRTaLed-] .github/workflows/npm-grunt.yml - FAILED on main-clean
❌ [PoRTaLed-] Python Package using Conda - FAILED on main-clean
❌ [PoRTaLed-] .github/workflows/vercel-matrix.yml - FAILED on main-clean
❌ [PoRTaLed-] .github/workflows/npm-grunt.yml - FAILED on main-clean
❌ [PoRTaLed-] .github/workflows/main.yml - FAILED on main-clean
❌ [PoRTaLed-] CI - FAILED on main
❌ [PoRTaLed-] CI - FAILED on main
❌ [PaThosAi] FacePrintPay CI/CD - FAILED on main
❌ [PaThosAi] FacePrintPay CI/CD - FAILED on main
❌ [PaThosAi] Docker Image CI - FAILED on main
❌ [PaThosAi] FacePrintPay CI/CD - FAILED on main
❌ [PaThosAi] FacePrintPay CI/CD - FAILED on main
❌ [PaThosAi] FacePrintPay CI/CD - FAILED on main
❌ [PaThosAi] FacePrintPay CI/CD - FAILED on main
❌ [PaThosAi] FacePrintPay CI/CD - FAILED on main
❌ [PaThosAi] Docker Image CI - FAILED on main
❌ [PaThosAi] Docker Image CI - FAILED on main
❌ [PaThosAi] Docker Image CI - FAILED on main
❌ [PaThosAi] Docker Image CI - FAILED on main
❌ [PaThosAi] Docker Image CI - FAILED on main
❌ [PaThosAi] Docker Image CI - FAILED on main
❌ [PaThosAi] Jekyll site CI - FAILED on main
❌ [PaThosAi] Jekyll site CI - FAILED on main
❌ [PaThosAi] Docker Image CI - FAILED on main
❌ [PaThosAi] Docker Image CI - FAILED on main
❌ [PaThosAi] Jekyll site CI - FAILED on main
❌ [PaThosAi] Jekyll site CI - FAILED on main
❌ [PaThosAi] Docker Image CI - FAILED on main
❌ [PaThosAi] Jekyll site CI - FAILED on main
❌ [PaThosAi] Docker Image CI - FAILED on main
❌ [PaThosAi] Jekyll site CI - FAILED on main
❌ [PaThosAi] Docker Image CI - FAILED on main
❌ [PaThosAi] Docker Image CI - FAILED on main
❌ [PaThosAi] Docker Image CI - FAILED on main
❌ [PaThosAi] Docker Image CI - FAILED on main
❌ [Orange] FacePrintPay CI/CD - FAILED on main
❌ [Orange] FacePrintPay CI/CD - FAILED on main
❌ [MatrixOS] Build for Mystrix - FAILED on main
❌ [kreativekoncepts] CI - FAILED on main
❌ [kreativekoncepts] CI - FAILED on main
❌ [kreativekoncepts] CI - FAILED on main
❌ [docs-content] pages build and deployment - FAILED on main
❌ [docs-content] pages build and deployment - FAILED on main
❌ [data-api] JAR Publish - FAILED on main
❌ [data-api] Publish Docker Image - FAILED on main
❌ [data-api] JAR Publish - FAILED on main
❌ [data-api] Continuous Integration - FAILED on main
❌ [data-api] Publish Docker Image - FAILED on main
❌ [data-api] JAR Publish - FAILED on main
❌ [CygNusMaster-] FacePrintPay CI/CD - FAILED on main
❌ [CygNusMaster-] FacePrintPay CI/CD - FAILED on main
❌ [CygNusMaster-] FacePrintPay CI/CD - FAILED on main
❌ [CygNusMaster-] .github/workflows/npm-grunt.yml - FAILED on main
❌ [CygNusMaster-] FacePrintPay CI/CD - FAILED on main
❌ [CygNusMaster-] .github/workflows/npm-grunt.yml - FAILED on main
❌ [CygNusMaster-] Deploy static content to Pages - FAILED on main
❌ [CygNusMaster-] .github/workflows/npm-grunt.yml - FAILED on main
❌ [CygNusMaster-] CodeQL - FAILED on main
❌ [CygNusMaster-] Deploy static content to Pages - FAILED on main
❌ [CygNusMaster-] .github/workflows/npm-grunt.yml - FAILED on main
❌ [coral-server] deploy-docker - FAILED on master
❌ [c25-agent-integrations] FacePrintPay CI/CD - FAILED on main
❌ [c25-agent-integrations] FacePrintPay CI/CD - FAILED on main
❌ [c25-agent-integrations] .github/workflows/main.yml - FAILED on main
❌ [c25-agent-integrations] FacePrintPay CI/CD - FAILED on main
❌ [c25-agent-integrations] .github/workflows/main.yml - FAILED on main
❌ [c25-agent-integrations] .github/workflows/main.yml - FAILED on main
❌ [c25-agent-integrations] .github/workflows/main.yml - FAILED on main
❌ [c25-agent-integrations] CI - FAILED on main
❌ [c25-agent-integrations] .github/workflows/main.yml - FAILED on main
❌ [c25-agent-integrations] CI - FAILED on main
❌ [c25-agent-deploy] FacePrintPay CI/CD - FAILED on main
❌ [c25-agent-deploy] Python Package using Conda - FAILED on main
❌ [c25-agent-deploy] FacePrintPay CI/CD - FAILED on main
❌ [c25-agent-deploy] Python Package using Conda - FAILED on main
❌ [c25-agent-deploy] Python Package using Conda - FAILED on main
❌ [c25-agent-deploy] Python Package using Conda - FAILED on main
❌ [c25-agent-deploy] Python Package using Conda - FAILED on main
❌ [c25-agent-deploy] Python Package using Conda - FAILED on main
❌ [c25-agent-deploy] Python Package using Conda - FAILED on main
❌ [c25-agent-core] FacePrintPay CI/CD - FAILED on main
❌ [c25-agent-core] FacePrintPay CI/CD - FAILED on main
❌ [c25-agent-core] FacePrintPay CI/CD - FAILED on main
❌ [c25-agent-core] FacePrintPay CI/CD - FAILED on main
❌ [antora-ui-stargate] bundle - FAILED on main
❌ [AiKre8tive_Sovereign_Genesis] FacePrintPay CI/CD - FAILED on main
❌ [AiKre8tive_Sovereign_Genesis] Build and Deploy to IKS - FAILED on main
❌ [AiKre8tive_Sovereign_Genesis] FacePrintPay CI/CD - FAILED on main
❌ [AiKre8tive_Sovereign_Genesis] Build and Deploy to IKS - FAILED on main
❌ [AiKre8tive_Sovereign_Genesis] FacePrintPay CI/CD - FAILED on main
❌ [AiKre8tive_Sovereign_Genesis] pages build and deployment - FAILED on main
❌ [AiKre8tive_Sovereign_Genesis] Build and Deploy to ACK - FAILED on main
❌ [AiKre8tive_Sovereign_Genesis] FacePrintPay CI/CD - FAILED on main
❌ [AiKre8tive_Sovereign_Genesis] Build and Deploy to IKS - FAILED on main
❌ [AiKre8tive_Sovereign_Genesis] pages build and deployment - FAILED on main
❌ [AiKre8tive_Sovereign_Genesis] Build and Deploy to IKS - FAILED on main
❌ [AiKre8tive_Sovereign_Genesis] Build and Deploy to ACK - FAILED on main
❌ [AiKre8tive_Sovereign_Genesis] Build and Deploy to ACK - FAILED on main
❌ [AiKre8tive_Sovereign_Genesis] Build and Deploy to IKS - FAILED on main
❌ [AiKre8tive_Sovereign_Genesis] Build and Deploy to ACK - FAILED on main
❌ [AiKre8tive_Sovereign_Genesis] Build and Deploy to IKS - FAILED on main
❌ [AiKre8tive_Sovereign_Genesis] Build and Deploy to ACK - FAILED on main
❌ [AiKre8tive_Sovereign_Genesis] Build and Deploy to IKS - FAILED on main
❌ [AiKre8tive_Sovereign_Genesis] Build and Deploy to ACK - FAILED on main
❌ [AiKre8tive_Sovereign_Genesis] Build and Deploy to IKS - FAILED on main
❌ [AiKre8tive_Sovereign_Genesis] Build and Deploy to IKS - FAILED on main
❌ [AiKre8tive_Sovereign_Genesis] Build and Deploy to ACK - FAILED on main
❌ [AiKre8tive_Sovereign_Genesis] Build and Deploy to ACK - FAILED on main
❌ [AiKre8tive_Sovereign_Genesis] Build and Deploy to IKS - FAILED on main
❌ [AiKre8tive_Sovereign_Genesis] Build and Deploy to ACK - FAILED on main
❌ [AiKre8tive_Sovereign_Genesis] Build and Deploy to IKS - FAILED on main
❌ [AiKre8tive_Sovereign_Genesis] CI - FAILED on main
❌ [Z-Series-Exhibits] FacePrintPay CI/CD - FAILED on main
❌ [TheKre8tive] FacePrintPay CI/CD - FAILED on main
❌ [SovereignGTP] FacePrintPay CI/CD - FAILED on main
❌ [sovereign-ai-empire] FacePrintPay CI/CD - FAILED on main
❌ [Push2Repo] FacePrintPay CI/CD - FAILED on main
❌ [PlanetaryAgents] FacePrintPay CI/CD - FAILED on main
❌ [PaTHos-Ai-] FacePrintPay CI/CD - FAILED on main
❌ [OneBasher] FacePrintPay CI/CD - FAILED on main
❌ [NoteTal] FacePrintPay CI/CD - FAILED on main
❌ [NLP2Code] FacePrintPay CI/CD - FAILED on main
❌ [LEGYC] FacePrintPay CI/CD - FAILED on main
❌ [fp-build-fixer] FacePrintPay CI/CD - FAILED on main
❌ [FacePrintPay-Consolidated] FacePrintPay CI/CD - FAILED on main
❌ [DeVa-DevOps] FacePrintPay CI/CD - FAILED on main
❌ [c25-agent-pipeline] FacePrintPay CI/CD - FAILED on main
❌ [c25-agent-automation] FacePrintPay CI/CD - FAILED on main
❌ [c25-agent-api] FacePrintPay CI/CD - FAILED on main
❌ [AiMetaverse-Orgin] FacePrintPay CI/CD - FAILED on main
❌ [AiMetaverse] FacePrintPay CI/CD - FAILED on main
❌ [AiMeta] FacePrintPay CI/CD - FAILED on main
❌ [AiKre8tive-] FacePrintPay CI/CD - FAILED on main
❌ [agentik] FacePrintPay CI/CD - FAILED on main
